logic__300: 
case__93: 
blk_mem_gen_v8_4_9_blk_mem_gen_prim_wrapper__parameterized89: 
reg__290: 
logic__198: 
keep__71: 
logic__73: 
case__16: 
logic__388: 
reg__269: 
reg__255: 
case__198: 
case__74: 
reg__72: 
datapath__19: 
reg__110: 
reg__201: 
logic__327: 
reg__155: 
case__45: 
keep__101: 
xsdbs_v1_0_4_reg__parameterized62: 
blk_mem_gen_v8_4_9_blk_mem_gen_prim_width__parameterized91: 
keep__35: 
case__203: 
logic__259: 
logic__409: 
reg__61: 
blk_mem_gen_v8_4_9_blk_mem_gen_prim_wrapper__parameterized52: 
reg__94: 
reg__285: 
keep__43: 
logic__620: 
logic__594: 
logic__481: 
logic__242: 
xsdbs_v1_0_4_reg__parameterized19: 
ltlib_v1_0_2_match__parameterized2: 
blk_mem_gen_v8_4_9_blk_mem_gen_prim_width__parameterized26: 
reg__132: 
blk_mem_gen_v8_4_9_blk_mem_gen_prim_wrapper__parameterized1: 
blk_mem_gen_v8_4_9_blk_mem_gen_prim_width__parameterized20: 
case__166: 
case__256: 
case__217: 
logic__157: 
ltlib_v1_0_2_all_typeA_slice__parameterized1: 
logic__113: 
blk_mem_gen_v8_4_9_blk_mem_gen_prim_width__parameterized44: 
ltlib_v1_0_2_match__parameterized3: 
reg__44: 
case__121: 
reg__136: 
blk_mem_gen_v8_4_9_blk_mem_gen_prim_width__parameterized10: 
keep__97: 
blk_mem_gen_v8_4_9: 
reg__43: 
keep__132: 
keep__131: 
blk_mem_gen_v8_4_9_blk_mem_gen_prim_width__parameterized64: 
logic__330: 
counter__4: 
case__92: 
reg__92: 
blk_mem_gen_v8_4_9_blk_mem_gen_prim_width__parameterized37: 
reg__246: 
reg__243: 
reg__159: 
blk_mem_gen_v8_4_9_blk_mem_gen_prim_width__parameterized58: 
muxpart__34: 
keep__106: 
case__167: 
case__205: 
case__91: 
ltlib_v1_0_2_all_typeA__parameterized0: 
xsdbs_v1_0_4_reg_p2s__parameterized0: 
logic__340: 
case__31: 
reg__147: 
case__213: 
keep__52: 
datapath__37: 
case__158: 
xsdbs_v1_0_4_reg_p2s__parameterized10: 
case__35: 
logic__116: 
blk_mem_gen_v8_4_9_blk_mem_gen_prim_width__parameterized9: 
case__49: 
datapath__29: 
case__98: 
logic__317: 
reg__251: 
case__272: 
xsdbs_v1_0_4_reg__parameterized37: 
case__20: 
logic__285: 
xsdbs_v1_0_4_reg__parameterized68: 
reg__278: 
reg__179: 
blk_mem_gen_v8_4_9_blk_mem_gen_prim_wrapper__parameterized33: 
logic__256: 
logic__45: 
counter__17: 
datapath__25: 
blk_mem_gen_v8_4_9_blk_mem_gen_prim_wrapper__parameterized30: 
keep__70: 
xsdbs_v1_0_4_reg__parameterized47: 
blk_mem_gen_v8_4_9_blk_mem_gen_prim_wrapper__parameterized64: 
ltlib_v1_0_2_all_typeA_slice__parameterized0: 
logic__316: 
logic__170: 
case__29: 
case__21: 
reg__53: 
keep__93: 
datapath__43: 
case__216: 
logic__540: 
case__282: 
xsdbs_v1_0_4_reg__parameterized53: 
reg__38: 
blk_mem_gen_v8_4_9_blk_mem_gen_prim_wrapper__parameterized47: 
blk_mem_gen_v8_4_9_blk_mem_gen_prim_width__parameterized75: 
muxpart__27: 
reg__194: 
blk_mem_gen_v8_4_9_blk_mem_gen_prim_width__parameterized72: 
case__79: 
reg__118: 
blk_mem_gen_v8_4_9_blk_mem_gen_prim_width__parameterized13: 
logic__453: 
blk_mem_gen_v8_4_9_blk_mem_gen_prim_width__parameterized46: 
xsdbs_v1_0_4_reg__parameterized54: 
reg__189: 
case__27: 
logic__172: 
xsdbs_v1_0_4_reg__parameterized58: 
datapath__26: 
xsdbs_v1_0_4_reg__parameterized56: 
case__208: 
logic__698: 
reg__45: 
xsdbs_v1_0_4_reg_p2s__parameterized2: 
counter__13: 
logic__315: 
case__165: 
logic__8: 
logic__298: 
xsdbs_v1_0_4_reg__parameterized41: 
keep__29: 
logic__385: 
keep__5: 
xsdbs_v1_0_4_reg__parameterized20: 
datapath__51: 
keep__41: 
blk_mem_gen_v8_4_9_blk_mem_gen_prim_width__parameterized5: 
case__382: 
reg__82: 
case__100: 
case__379: 
ltlib_v1_0_2_cfglut7: 
reg__170: 
reg__237: 
case__182: 
keep__82: 
ltlib_v1_0_2_cfglut6: 
reg__175: 
reg__279: 
keep__100: 
logic__325: 
logic__102: 
ila_v6_2_16_ila: 
reg__196: 
xsdbs_v1_0_4_reg_stream__parameterized0: 
logic__59: 
xsdbs_v1_0_4_reg__parameterized51: 
blk_mem_gen_v8_4_9_blk_mem_gen_prim_width__parameterized89: 
keep__7: 
reg__141: 
reg__294: 
reg__150: 
logic__399: 
blk_mem_gen_v8_4_9_blk_mem_gen_prim_wrapper__parameterized51: 
logic__267: 
case__67: 
case__364: 
blk_mem_gen_v8_4_9_blk_mem_gen_prim_width__parameterized25: 
case__66: 
case__378: 
xsdbs_v1_0_4_reg__parameterized60: 
reg__299: 
reg__2: 
blk_mem_gen_v8_4_9_blk_mem_gen_prim_width__parameterized83: 
reg__13: 
case__202: 
xsdbs_v1_0_4_reg_p2s__parameterized11: 
reg__156: 
logic__241: 
case__119: 
reg__21: 
xsdbs_v1_0_4_reg__parameterized13: 
blk_mem_gen_v8_4_9_blk_mem_gen_prim_width__parameterized63: 
logic__197: 
reg__298: 
logic__86: 
case__268: 
reg__122: 
case__59: 
blk_mem_gen_v8_4_9_blk_mem_gen_prim_width__parameterized57: 
reg__220: 
reg__4: 
ltlib_v1_0_2_match__parameterized5: 
case__134: 
reg__3: 
blk_mem_gen_v8_4_9_blk_mem_gen_prim_wrapper__parameterized88: 
case__206: 
datapath__24: 
reg__172: 
logic__147: 
logic__510: 
case__183: 
case__368: 
reg__28: 
muxpart__36: 
keep__21: 
logic__309: 
logic__171: 
ila_v6_2_16_ila_register: 
reg__264: 
logic__696: 
datapath__39: 
xsdbs_v1_0_4_reg_p2s: 
logic__63: 
xsdbs_v1_0_4_reg__parameterized59: 
logic__101: 
blk_mem_gen_v8_4_9_blk_mem_gen_prim_wrapper__parameterized67: 
case__207: 
reg__177: 
case__90: 
logic__311: 
xsdbs_v1_0_4_reg__parameterized42: 
muxpart__32: 
ltlib_v1_0_2_all_typeA_slice: 
reg__263: 
blk_mem_gen_v8_4_9_blk_mem_gen_prim_width__parameterized73: 
logic__302: 
ddr3_decay_test_top: 
keep__111: 
reg__47: 
case__253: 
reg__295: 
reg__6: 
keep__138: 
case__147: 
reg__164: 
logic__326: 
keep__121: 
keep__18: 
logic__127: 
blk_mem_gen_v8_4_9_blk_mem_gen_prim_wrapper__parameterized86: 
reg__78: 
reg__162: 
keep__14: 
logic__301: 
reg__284: 
keep__122: 
blk_mem_gen_v8_4_9_blk_mem_gen_prim_wrapper__parameterized79: 
case__151: 
keep__44: 
reg__282: 
case__125: 
case__185: 
ltlib_v1_0_2_allx_typeA__parameterized5: 
reg__31: 
logic__213: 
xsdbs_v1_0_4_reg__parameterized38: 
reg__67: 
case__226: 
xsdbs_v1_0_4_reg__parameterized21: 
ltlib_v1_0_2_match__parameterized1: 
keep__26: 
case__168: 
case__161: 
reg__84: 
keep__9: 
blk_mem_gen_v8_4_9_blk_mem_gen_prim_width__parameterized88: 
logic__143: 
blk_mem_gen_v8_4_9_blk_mem_gen_prim_wrapper__parameterized50: 
keep__114: 
keep__76: 
blk_mem_gen_v8_4_9_blk_mem_gen_prim_width__parameterized67: 
case__159: 
datapath__35: 
xsdbs_v1_0_4_reg__parameterized44: 
keep__32: 
reg__113: 
reg__186: 
case__362: 
blk_mem_gen_v8_4_9_blk_mem_gen_prim_width__parameterized43: 
blk_mem_gen_v8_4_9_blk_mem_gen_prim_width__parameterized2: 
logic__270: 
reg__148: 
case__224: 
keep__46: 
reg__192: 
muxpart__22: 
logic__515: 
keep__28: 
datapath__22: 
blk_mem_gen_v8_4_9_blk_mem_gen_prim_width__parameterized36: 
ltlib_v1_0_2_all_typeA__parameterized1: 
blk_mem_gen_v8_4_9_blk_mem_gen_prim_width__parameterized56: 
reg__212: 
reg__36: 
blk_mem_gen_v8_4_9_blk_mem_gen_prim_wrapper__parameterized75: 
blk_mem_gen_v8_4_9_blk_mem_gen_prim_wrapper__parameterized87: 
logic__440: 
xsdbs_v1_0_4_reg__parameterized39: 
xsdbs_v1_0_4_reg: 
keep__60: 
xsdbs_v1_0_4_reg__parameterized18: 
logic__615: 
logic__322: 
reg__37: 
ltlib_v1_0_2_allx_typeA__parameterized0: 
case__19: 
logic__578: 
case__58: 
logic__85: 
reg__104: 
logic__426: 
keep__8: 
blk_mem_gen_v8_4_9_blk_mem_gen_prim_width: 
ltlib_v1_0_2_match__parameterized0: 
counter__5: 
blk_mem_gen_v8_4_9_blk_mem_gen_prim_wrapper__parameterized0: 
case__41: 
case__281: 
blk_mem_gen_v8_4_9_blk_mem_gen_prim_wrapper__parameterized32: 
case__30: 
case__69: 
logic__175: 
case__188: 
keep__102: 
reg__32: 
keep__141: 
reg__119: 
reg__218: 
keep__103: 
muxpart__20: 
blk_mem_gen_v8_4_9_blk_mem_gen_prim_wrapper__parameterized60: 
keep__79: 
reg__228: 
ltlib_v1_0_2_all_typeA__parameterized2: 
case__155: 
xsdbs_v1_0_4_reg_p2s__parameterized1: 
reg__247: 
case__68: 
case__50: 
ila_v6_2_16_ila_trig_match: 
blk_mem_gen_v8_4_9_blk_mem_gen_prim_width__parameterized71: 
logic__494: 
datapath__3: 
case__222: 
logic__291: 
xsdbs_v1_0_4_reg__parameterized12: 
keep__108: 
datapath__4: 
logic__189: 
datapath__14: 
keep__94: 
blk_mem_gen_v8_4_9_blk_mem_gen_prim_wrapper__parameterized85: 
keep__134: 
logic__12: 
case__360: 
logic__616: 
case__18: 
datapath__8: 
keep__1: 
logic__292: 
logic__231: 
blk_mem_gen_v8_4_9_blk_mem_gen_prim_wrapper__parameterized78: 
ltlib_v1_0_2_match_nodelay: 
counter__11: 
reg__219: 
keep__36: 
case__259: 
datapath__33: 
reg__60: 
blk_mem_gen_v8_4_9_blk_mem_gen_prim_wrapper__parameterized73: 
counter__12: 
reg__287: 
blk_mem_gen_v8_4_9_blk_mem_gen_prim_wrapper__parameterized21: 
xsdbs_v1_0_4_reg__parameterized63: 
logic__427: 
case__193: 
logic__610: 
case__240: 
case__283: 
reg__240: 
case__232: 
logic__72: 
blk_mem_gen_v8_4_9_blk_mem_gen_prim_wrapper__parameterized24: 
logic__199: 
xsdbs_v1_0_4_reg__parameterized36: 
reg__207: 
datapath__18: 
logic__369: 
clk_wiz_0: 
logic__697: 
case__279: 
blk_mem_gen_v8_4_9_blk_mem_gen_prim_wrapper__parameterized71: 
datapath__5: 
datapath__41: 
reg__202: 
blk_mem_gen_v8_4_9_blk_mem_gen_prim_width__parameterized76: 
logic__142: 
case__5: 
xsdbs_v1_0_4_reg_ctl__parameterized0: 
blk_mem_gen_v8_4_9_blk_mem_gen_prim_width__parameterized1: 
case__113: 
blk_mem_gen_v8_4_9_blk_mem_gen_prim_width__parameterized81: 
logic__324: 
case__28: 
blk_mem_gen_v8_4_9_blk_mem_gen_prim_width__parameterized62: 
reg__222: 
case__135: 
case__149: 
case__186: 
logic__183: 
case__142: 
blk_mem_gen_v8_4_9_blk_mem_gen_prim_width__parameterized55: 
logic__308: 
reg__305: 
case__169: 
xsdbs_v1_0_4_reg__parameterized64: 
case__264: 
logic__579: 
case__157: 
reg__12: 
xsdbs_v1_0_4_reg__parameterized4: 
logic__304: 
logic__313: 
xsdbs_v1_0_4_reg_p2s__parameterized15: 
logic__306: 
xsdbs_v1_0_4_reg__parameterized55: 
logic__623: 
blk_mem_gen_v8_4_9_blk_mem_gen_prim_wrapper__parameterized10: 
logic__297: 
reg__15: 
ltlib_v1_0_2_match: 
reg__283: 
reg__99: 
logic__563: 
xsdbs_v1_0_4_reg__parameterized9: 
blk_mem_gen_v8_4_9_blk_mem_gen_prim_wrapper__parameterized31: 
logic__286: 
logic__568: 
blk_mem_gen_v8_4_9_blk_mem_gen_prim_width__parameterized86: 
reg__70: 
xsdbs_v1_0_4_reg__parameterized52: 
logic__184: 
keep__24: 
logic__403: 
xsdbs_v1_0_4_reg__parameterized73: 
case__191: 
case__194: 
blk_mem_gen_v8_4_9_blk_mem_gen_prim_wrapper__parameterized68: 
reg__18: 
case__190: 
xsdbs_v1_0_4_reg__parameterized8: 
blk_mem_gen_v8_4_9_blk_mem_gen_generic_cstr: 
blk_mem_gen_v8_4_9_blk_mem_gen_prim_wrapper__parameterized65: 
xsdbs_v1_0_4_reg__parameterized50: 
logic__254: 
reg__257: 
case__252: 
logic__203: 
keep__16: 
keep__4: 
case__3: 
logic__290: 
case__127: 
logic__350: 
ltlib_v1_0_2_cfglut4: 
keep__113: 
logic__228: 
keep__89: 
reg__76: 
keep__38: 
logic__382: 
reg__167: 
xsdbs_v1_0_4_reg__parameterized65: 
xsdbs_v1_0_4_reg__parameterized34: 
reg__127: 
keep__61: 
blk_mem_gen_v8_4_9_blk_mem_gen_prim_width__parameterized12: 
logic__608: 
reg__5: 
case__369: 
case__237: 
logic__155: 
reg__50: 
case__209: 
blk_mem_gen_v8_4_9_blk_mem_gen_prim_wrapper__parameterized84: 
case__263: 
logic__273: 
keep__15: 
reg__73: 
logic__214: 
keep__68: 
xsdbs_v1_0_4_reg__parameterized28: 
logic__614: 
reg__88: 
muxpart__31: 
datapath__66: 
logic__305: 
reg__16: 
reg__253: 
case__156: 
case__83: 
reg__158: 
blk_mem_gen_v8_4_9_blk_mem_gen_prim_wrapper__parameterized74: 
blk_mem_gen_v8_4_9_blk_mem_gen_prim_wrapper__parameterized22: 
case__95: 
logic__359: 
keep__110: 
case__280: 
xsdbs_v1_0_4_reg__parameterized14: 
logic__471: 
keep__6: 
datapath__20: 
xsdbs_v1_0_4_reg__parameterized26: 
blk_mem_gen_v8_4_9_blk_mem_gen_prim_wrapper__parameterized26: 
reg__48: 
logic__577: 
xsdbs_v1_0_4_reg__parameterized67: 
blk_mem_gen_v8_4_9_blk_mem_gen_prim_wrapper__parameterized42: 
logic__7: 
blk_mem_gen_v8_4_9_blk_mem_gen_prim_width__parameterized28: 
reg__213: 
case__260: 
blk_mem_gen_v8_4_9_blk_mem_gen_prim_wrapper__parameterized70: 
xsdbs_v1_0_4_reg__parameterized5: 
case__261: 
blk_mem_gen_v8_4_9_blk_mem_gen_prim_wrapper__parameterized16: 
counter__18: 
reg__166: 
blk_mem_gen_v8_4_9_blk_mem_gen_prim_width__parameterized42: 
blk_mem_gen_v8_4_9_blk_mem_gen_prim_width__parameterized0: 
keep__78: 
logic__581: 
keep__129: 
case__42: 
reg__184: 
blk_mem_gen_v8_4_9_blk_mem_gen_prim_width__parameterized35: 
logic__217: 
reg__87: 
reg__224: 
blk_mem_gen_v8_4_9_blk_mem_gen_prim_width__parameterized54: 
blk_mem_gen_v8_4_9_synth: 
reg__46: 
logic__609: 
case__231: 
keep__73: 
case__88: 
case__189: 
xsdbs_v1_0_4_reg__parameterized24: 
case__72: 
datapath__10: 
reg__49: 
case__51: 
case__177: 
logic__200: 
keep__128: 
blk_mem_gen_v8_4_9_blk_mem_gen_prim_wrapper__parameterized20: 
case__267: 
xsdbs_v1_0_4_xsdbs: 
ila_v6_2_16_ila_reset_ctrl: 
reg__190: 
logic__13: 
datapath__16: 
xsdbs_v1_0_4_reg__parameterized29: 
case__114: 
reg__250: 
reg__138: 
blk_mem_gen_v8_4_9_blk_mem_gen_prim_wrapper__parameterized6: 
keep__115: 
blk_mem_gen_v8_4_9_blk_mem_gen_prim_wrapper__parameterized3: 
keep__92: 
reg__83: 
case__138: 
logic__329: 
xsdbs_v1_0_4_reg__parameterized40: 
blk_mem_gen_v8_4_9_blk_mem_gen_prim_wrapper__parameterized83: 
xsdbs_v1_0_4_reg__parameterized27: 
case__118: 
xsdbs_v1_0_4_reg_p2s__parameterized5: 
case__219: 
reg__193: 
case__285: 
xsdbs_v1_0_4_reg__parameterized31: 
logic__281: 
logic__88: 
case__32: 
xsdbs_v1_0_4_reg__parameterized3: 
ltlib_v1_0_2_allx_typeA: 
keep__90: 
logic__531: 
case__47: 
case__139: 
muxpart__15: 
case__53: 
muxpart: 
blk_mem_gen_v8_4_9_blk_mem_gen_prim_wrapper__parameterized37: 
datapath__57: 
logic__15: 
blk_mem_gen_v8_4_9_blk_mem_gen_prim_width__parameterized87: 
reg__154: 
case__131: 
logic__314: 
reg__209: 
keep__112: 
blk_mem_gen_v8_4_9_blk_mem_gen_prim_wrapper__parameterized41: 
blk_mem_gen_v8_4_9_blk_mem_gen_prim_width__parameterized51: 
blk_mem_gen_v8_4_9_blk_mem_gen_prim_wrapper__parameterized72: 
blk_mem_gen_v8_4_9_blk_mem_gen_prim_wrapper__parameterized4: 
blk_mem_gen_v8_4_9_blk_mem_gen_prim_wrapper__parameterized15: 
case__288: 
case__82: 
blk_mem_gen_v8_4_9_blk_mem_gen_prim_width__parameterized41: 
blk_mem_gen_v8_4_9_blk_mem_gen_prim_width__parameterized80: 
logic__467: 
blk_mem_gen_v8_4_9_blk_mem_gen_prim_width__parameterized61: 
case__228: 
datapath__28: 
case__34: 
reg__146: 
xsdbs_v1_0_4_reg__parameterized7: 
reg__199: 
case__124: 
reg__235: 
case__178: 
blk_mem_gen_v8_4_9_blk_mem_gen_prim_width__parameterized53: 
keep__142: 
reg__271: 
xsdbs_v1_0_4_reg__parameterized10: 
case__87: 
reg__221: 
reg__9: 
keep__50: 
xsdbs_v1_0_4_reg_p2s__parameterized7: 
reg__151: 
reg__289: 
counter__2: 
reg__74: 
logic__156: 
case__38: 
case__145: 
logic__14: 
reg__139: 
reg__198: 
case__73: 
datapath__1: 
datapath__21: 
keep__133: 
keep__104: 
logic__331: 
xsdbs_v1_0_4_reg__parameterized43: 
case__140: 
case__154: 
case__22: 
reg__93: 
xsdbs_v1_0_4_reg__parameterized74: 
keep__117: 
logic__226: 
keep: 
blk_mem_gen_v8_4_9_blk_mem_gen_prim_wrapper__parameterized69: 
xsdbs_v1_0_4_reg_p2s__parameterized6: 
logic__576: 
case__109: 
logic__141: 
reg__10: 
reg__35: 
muxpart__25: 
reg__17: 
case__160: 
xsdbs_v1_0_4_reg__parameterized6: 
blk_mem_gen_v8_4_9_blk_mem_gen_prim_wrapper__parameterized2: 
keep__130: 
blk_mem_gen_v8_4_9_blk_mem_gen_prim_wrapper__parameterized8: 
reg__143: 
logic__584: 
blk_mem_gen_v8_4_9_blk_mem_gen_prim_width__parameterized17: 
blk_mem_gen_v8_4_9_blk_mem_gen_prim_width__parameterized70: 
counter__20: 
case__94: 
counter__22: 
case__37: 
logic__293: 
case__381: 
muxpart__37: 
reg__226: 
reg__234: 
reg__59: 
reg__89: 
blk_mem_gen_v8_4_9_blk_mem_gen_prim_width__parameterized60: 
counter__10: 
reg__137: 
case__143: 
blk_mem_gen_v8_4_9_blk_mem_gen_prim_wrapper__parameterized82: 
reg__56: 
logic__585: 
logic__389: 
logic__381: 
case__112: 
reg__77: 
case__172: 
case__152: 
case__277: 
case__60: 
case__65: 
datapath__15: 
xsdbs_v1_0_4_reg__parameterized25: 
blk_mem_gen_v8_4_9_blk_mem_gen_prim_wrapper__parameterized39: 
reg__153: 
reg__286: 
reg__142: 
case__278: 
xsdbs_v1_0_4_reg__parameterized32: 
reg__293: 
blk_mem_gen_v8_4_9_blk_mem_gen_prim_width__parameterized84: 
xsdbs_v1_0_4_reg_stat: 
datapath__61: 
datapath__17: 
reg__300: 
case__286: 
logic__239: 
keep__118: 
case__249: 
keep__53: 
clk_wiz_0_clk_wiz: 
case__180: 
blk_mem_gen_v8_4_9_blk_mem_gen_prim_width__parameterized50: 
blk_mem_gen_v8_4_9_blk_mem_gen_prim_width__parameterized24: 
logic__567: 
keep__34: 
keep__48: 
xsdbs_v1_0_4_reg__parameterized49: 
blk_mem_gen_v8_4_9_blk_mem_gen_prim_wrapper__parameterized14: 
reg__22: 
case__266: 
reg__242: 
reg__261: 
blk_mem_gen_v8_4_9_blk_mem_gen_prim_width__parameterized79: 
blk_mem_gen_v8_4_9_bindec: 
logic__6: 
case__148: 
ila_0: 
blk_mem_gen_v8_4_9_blk_mem_gen_prim_width__parameterized3: 
keep__63: 
blk_mem_gen_v8_4_9_blk_mem_gen_prim_width__parameterized34: 
case__375: 
keep__127: 
blk_mem_gen_v8_4_9_blk_mem_gen_prim_width__parameterized52: 
xsdbs_v1_0_4_reg_p2s__parameterized12: 
case__141: 
reg__185: 
logic__591: 
logic__100: 
reg__276: 
logic__58: 
reg__281: 
reg__205: 
logic__212: 
logic__541: 
reg__297: 
logic__289: 
blk_mem_gen_v8_4_9_blk_mem_gen_mux__parameterized0: 
reg__249: 
reg__125: 
xsdbs_v1_0_4_reg__parameterized70: 
logic__245: 
blk_mem_gen_v8_4_9_blk_mem_gen_prim_wrapper__parameterized19: 
keep__109: 
keep__25: 
xsdbs_v1_0_4_reg__parameterized45: 
reg__115: 
reg__20: 
ltlib_v1_0_2_allx_typeA_nodelay: 
reg__233: 
logic__362: 
logic__569: 
case__274: 
muxpart__29: 
reg__41: 
muxpart__11: 
case__164: 
reg__210: 
reg__260: 
logic__119: 
case__210: 
logic__128: 
keep__58: 
datapath__27: 
case__84: 
logic__320: 
blk_mem_gen_v8_4_9_blk_mem_gen_prim_width__parameterized4: 
logic__49: 
case__85: 
blk_mem_gen_v8_4_9_blk_mem_gen_prim_wrapper__parameterized7: 
case__120: 
keep__62: 
reg__90: 
reg__19: 
xsdbs_v1_0_4_reg_p2s__parameterized4: 
case__233: 
logic__255: 
reg__200: 
logic__406: 
case__262: 
reg__86: 
blk_mem_gen_v8_4_9_blk_mem_gen_prim_wrapper__parameterized81: 
reg__42: 
reg__120: 
case__245: 
logic__543: 
case__251: 
reg__34: 
reg__203: 
case__61: 
xsdbs_v1_0_4_reg_p2s__parameterized16: 
case__171: 
ila_v6_2_16_ila_trace_memory: 
datapath__47: 
reg__245: 
reg__54: 
logic__606: 
case__377: 
ila_v6_2_16_ila_cap_window_counter: 
reg__152: 
logic__607: 
ltlib_v1_0_2_match__parameterized4: 
uart_tx: 
blk_mem_gen_v8_4_9_blk_mem_gen_prim_wrapper__parameterized36: 
muxpart__13: 
case__96: 
case__1: 
case__23: 
reg__101: 
reg__57: 
blk_mem_gen_v8_4_9_blk_mem_gen_prim_wrapper__parameterized27: 
case__223: 
ltlib_v1_0_2_rising_edge_detection: 
datapath__59: 
case__201: 
case__197: 
blk_mem_gen_v8_4_9_blk_mem_gen_prim_wrapper__parameterized40: 
case__33: 
logic__539: 
keep__136: 
blk_mem_gen_v8_4_9_blk_mem_gen_prim_width__parameterized19: 
reg__216: 
logic__390: 
blk_mem_gen_v8_4_9_blk_mem_gen_prim_wrapper__parameterized13: 
logic__365: 
reg__227: 
keep__135: 
keep__88: 
blk_mem_gen_v8_4_9_blk_mem_gen_prim_width__parameterized16: 
case__2: 
logic__310: 
blk_mem_gen_v8_4_9_blk_mem_gen_prim_width__parameterized40: 
ltlib_v1_0_2_async_edge_xfer: 
logic__353: 
blk_mem_gen_v8_4_9_blk_mem_gen_prim_width__parameterized30: 
logic__573: 
reg__24: 
logic__282: 
case__234: 
xsdbs_v1_0_4_reg_p2s__parameterized8: 
case__230: 
logic__321: 
datapath__9: 
logic__227: 
logic__130: 
xsdbs_v1_0_4_reg_ctl__parameterized1: 
logic__253: 
logic__466: 
case__130: 
keep__12: 
reg__1: 
xsdbs_v1_0_4_reg_p2s__parameterized13: 
case__269: 
keep__137: 
keep__27: 
keep__66: 
reg__85: 
case__62: 
keep__96: 
logic__488: 
reg__292: 
blk_mem_gen_v8_4_9_blk_mem_gen_prim_wrapper__parameterized23: 
keep__30: 
reg__66: 
blk_mem_gen_v8_4_9_blk_mem_gen_prim_wrapper__parameterized17: 
logic: 
case__356: 
logic__74: 
blk_mem_gen_v8_4_9_blk_mem_gen_prim_wrapper__parameterized25: 
case__54: 
logic__542: 
reg__239: 
counter__9: 
blk_mem_gen_v8_4_9_blk_mem_gen_prim_wrapper__parameterized57: 
case__123: 
reg__80: 
reg__238: 
reg__79: 
blk_mem_gen_v8_4_9_blk_mem_gen_prim_wrapper__parameterized61: 
logic__312: 
logic__574: 
reg__188: 
case__181: 
case__105: 
xsdbs_v1_0_4_reg__parameterized11: 
keep__75: 
case__248: 
blk_mem_gen_v8_4_9_blk_mem_gen_prim_width__parameterized49: 
blk_mem_gen_v8_4_9_blk_mem_gen_prim_width__parameterized23: 
case__225: 
logic__432: 
logic__332: 
case__176: 
case__380: 
case__40: 
case__122: 
keep__49: 
reg__129: 
reg__291: 
keep__40: 
blk_mem_gen_v8_4_9_blk_mem_gen_prim_width__parameterized59: 
case__137: 
keep__31: 
case__55: 
blk_mem_gen_v8_4_9_blk_mem_gen_prim_wrapper__parameterized80: 
keep__55: 
reg__69: 
logic__268: 
xsdbs_v1_0_4_reg_p2s__parameterized3: 
case__56: 
case__227: 
logic__87: 
datapath__13: 
logic__439: 
reg__241: 
case__220: 
keep__17: 
reg__121: 
logic__476: 
datapath__12: 
reg__55: 
xsdbs_v1_0_4_reg__parameterized71: 
case__243: 
keep__45: 
reg__304: 
reg__71: 
logic__611: 
keep__42: 
logic__186: 
xsdbs_v1_0_4_reg__parameterized15: 
case__270: 
reg__102: 
logic__5: 
logic__416: 
keep__57: 
reg__182: 
case__214: 
logic__492: 
case__258: 
logic__613: 
reg__114: 
ltlib_v1_0_2_all_typeA_slice__parameterized2: 
logic__296: 
case__150: 
case__76: 
case__153: 
blk_mem_gen_v8_4_9_blk_mem_output_block: 
keep__81: 
blk_mem_gen_v8_4_9_blk_mem_gen_prim_width__parameterized78: 
keep__47: 
keep__67: 
reg__135: 
case__192: 
keep__64: 
blk_mem_gen_v8_4_9_blk_mem_gen_prim_width__parameterized33: 
reg__124: 
blk_mem_gen_v8_4_9_blk_mem_gen_prim_width__parameterized45: 
case__162: 
case__247: 
case__187: 
case__175: 
case__163: 
reg__52: 
logic__169: 
case__218: 
logic__299: 
datapath__63: 
logic__468: 
case__46: 
logic__537: 
reg__288: 
case__373: 
reg__173: 
reg__131: 
reg__111: 
reg__230: 
logic__493: 
case__115: 
case__52: 
xsdbs_v1_0_4_reg__parameterized33: 
ila_v6_2_16_ila_cap_sample_counter: 
logic__319: 
logic__303: 
case__287: 
case__244: 
counter__15: 
blk_mem_gen_v8_4_9_blk_mem_gen_prim_wrapper__parameterized18: 
keep__85: 
reg__206: 
reg__112: 
blk_mem_gen_v8_4_9_blk_mem_gen_prim_wrapper__parameterized56: 
keep__51: 
case__257: 
reg__191: 
case__39: 
blk_mem_gen_v8_4_9_blk_mem_gen_prim_wrapper__parameterized45: 
datapath__53: 
datapath__55: 
xsdbs_v1_0_4_reg_stream: 
reg__296: 
keep__105: 
logic__556: 
case__184: 
blk_mem_gen_v8_4_9_blk_mem_gen_prim_width__parameterized66: 
logic__295: 
logic__225: 
reg__215: 
case__363: 
case__200: 
reg__171: 
datapath__2: 
logic__57: 
reg__232: 
xsdbs_v1_0_4_reg_p2s__parameterized9: 
datapath: 
keep__91: 
keep__95: 
ltlib_v1_0_2_generic_memrd: 
logic__318: 
reg__280: 
reg__208: 
reg__265: 
datapath__64: 
reg__178: 
reg__270: 
blk_mem_gen_v8_4_9_blk_mem_gen_top: 
logic__336: 
blk_mem_gen_v8_4_9_blk_mem_gen_prim_width__parameterized8: 
xsdbs_v1_0_4_reg__parameterized69: 
ltlib_v1_0_2_cfglut5: 
logic__604: 
reg__195: 
case__48: 
case__212: 
blk_mem_gen_v8_4_9_blk_mem_gen_prim_wrapper__parameterized35: 
logic__144: 
reg__180: 
reg__95: 
case__357: 
blk_mem_gen_v8_4_9_blk_mem_gen_prim_wrapper__parameterized46: 
reg__65: 
logic__638: 
blk_mem_gen_v8_4_9_blk_mem_gen_prim_wrapper__parameterized28: 
logic__538: 
reg__176: 
logic__99: 
case__366: 
case__26: 
blk_mem_gen_v8_4_9_blk_mem_gen_prim_wrapper__parameterized43: 
case__204: 
logic__694: 
xsdbs_v1_0_4_reg__parameterized66: 
reg__149: 
ltlib_v1_0_2_allx_typeA__parameterized4: 
keep__87: 
reg__68: 
reg__23: 
blk_mem_gen_v8_4_9_blk_mem_gen_prim_wrapper__parameterized12: 
case__359: 
logic__105: 
blk_mem_gen_v8_4_9_blk_mem_gen_prim_width__parameterized15: 
blk_mem_gen_v8_4_9_blk_mem_gen_prim_width__parameterized82: 
blk_mem_gen_v8_4_9_blk_mem_gen_prim_width__parameterized39: 
blk_mem_gen_v8_4_9_blk_mem_gen_prim_width__parameterized29: 
reg__229: 
reg__109: 
case__43: 
reg__11: 
keep__72: 
logic__575: 
logic__583: 
blk_mem_gen_v8_4_9_blk_mem_gen_mux: 
blk_mem_gen_v8_4_9_blk_mem_gen_prim_wrapper__parameterized92: 
keep__99: 
reg__259: 
case__275: 
logic__580: 
keep__23: 
counter: 
logic__129: 
case__132: 
muxpart__28: 
case__57: 
case__101: 
reg__258: 
case__361: 
case__284: 
case__273: 
xsdbs_v1_0_4_reg__parameterized57: 
keep__86: 
counter__8: 
case__174: 
reg__211: 
blk_mem_gen_v8_4_9_blk_mem_gen_prim_width__parameterized92: 
logic__294: 
reg__274: 
case__128: 
reg__14: 
case__246: 
blk_mem_gen_v8_4_9_blk_mem_gen_prim_wrapper__parameterized44: 
xsdbs_v1_0_4_reg__parameterized23: 
logic__71: 
reg__144: 
ltlib_v1_0_2_allx_typeA__parameterized2: 
reg__301: 
blk_mem_gen_v8_4_9_blk_mem_gen_prim_wrapper__parameterized55: 
keep__84: 
blk_mem_gen_v8_4_9_blk_mem_gen_prim_wrapper__parameterized62: 
reg__106: 
case__358: 
ltlib_v1_0_2_cfglut6__parameterized0: 
reg__96: 
keep__10: 
muxpart__33: 
logic__16: 
blk_mem_gen_v8_4_9_blk_mem_gen_prim_width__parameterized22: 
case__99: 
keep__74: 
case__255: 
logic__133: 
counter__14: 
case__75: 
keep__22: 
logic__91: 
case__146: 
case__276: 
reg__254: 
counter__19: 
logic__60: 
case__25: 
blk_mem_gen_v8_4_9_blk_mem_gen_prim_width__parameterized38: 
case__211: 
case__111: 
logic__328: 
muxpart__26: 
xsdbs_v1_0_4_reg__parameterized1: 
case__17: 
reg__252: 
logic__518: 
case__179: 
case__108: 
logic__544: 
logic__618: 
logic__428: 
keep__126: 
reg__236: 
blk_mem_gen_v8_4_9_blk_mem_gen_prim_width__parameterized7: 
logic__307: 
xsdbs_v1_0_4_reg__parameterized48: 
blk_mem_gen_v8_4_9_blk_mem_input_block: 
xsdbs_v1_0_4_reg__parameterized46: 
reg__163: 
keep__37: 
case__238: 
case__374: 
case__170: 
muxpart__35: 
case__64: 
keep__83: 
logic__586: 
case__133: 
reg__275: 
muxpart__14: 
reg__267: 
ltlib_v1_0_2_allx_typeA__parameterized3: 
logic__598: 
logic__545: 
blk_mem_gen_v8_4_9_blk_mem_gen_prim_wrapper__parameterized49: 
logic__617: 
case__44: 
datapath__7: 
case__173: 
blk_mem_gen_v8_4_9_blk_mem_gen_prim_wrapper: 
logic__185: 
keep__140: 
blk_mem_gen_v8_4_9_blk_mem_gen_prim_wrapper__parameterized11: 
reg__100: 
reg__133: 
keep__116: 
datapath__23: 
blk_mem_gen_v8_4_9_blk_mem_gen_prim_width__parameterized77: 
ila_v6_2_16_ila_cap_ctrl_legacy: 
blk_mem_gen_v8_4_9_blk_mem_gen_prim_wrapper__parameterized5: 
reg__97: 
blk_mem_gen_v8_4_9_blk_mem_gen_prim_wrapper__parameterized76: 
reg__123: 
case__354: 
ltlib_v1_0_2_allx_typeA__parameterized1: 
keep__11: 
logic__115: 
blk_mem_gen_v8_4_9_blk_mem_gen_prim_wrapper__parameterized91: 
logic__44: 
case__63: 
xsdbs_v1_0_4_reg__parameterized17: 
reg__197: 
keep__39: 
datapath__49: 
logic__269: 
logic__161: 
xsdbs_v1_0_4_reg__parameterized0: 
logic__77: 
case__77: 
keep__56: 
logic__534: 
logic__43: 
logic__337: 
case__265: 
keep__2: 
reg__225: 
reg__272: 
reg__277: 
reg__134: 
logic__695: 
logic__19: 
reg__98: 
keep__123: 
case__229: 
blk_mem_gen_v8_4_9_blk_mem_gen_prim_width__parameterized85: 
ila_v6_2_16_ila_cap_addrgen: 
blk_mem_gen_v8_4_9_blk_mem_gen_prim_wrapper__parameterized54: 
keep__119: 
reg__130: 
ltlib_v1_0_2_generic_mux: 
ltlib_v1_0_2_all_typeA: 
logic__485: 
datapath__11: 
datapath__45: 
reg__39: 
blk_mem_gen_v8_4_9_blk_mem_gen_prim_width__parameterized21: 
reg__223: 
case__117: 
reg__117: 
xsdbs_v1_0_4_reg__parameterized22: 
reg__30: 
datapath__31: 
blk_mem_gen_v8_4_9_blk_mem_gen_prim_width__parameterized65: 
datapath__30: 
reg__8: 
reg__64: 
case__136: 
reg__140: 
keep__54: 
reg: 
datapath__6: 
reg__126: 
reg__217: 
keep__13: 
blk_mem_gen_v8_4_9_blk_mem_gen_prim_width__parameterized32: 
xsdbs_v1_0_4_reg__parameterized72: 
counter__6: 
reg__128: 
logic__572: 
case__81: 
reg__63: 
logic__333: 
keep__120: 
blk_mem_gen_v8_4_9_blk_mem_gen_prim_width__parameterized6: 
reg__25: 
logic__211: 
case__215: 
reg__256: 
reg__58: 
blk_mem_gen_v8_4_9_blk_mem_gen_prim_wrapper__parameterized38: 
ddr3_dfi_phy: 
case__97: 
blk_mem_gen_v8_4_9_blk_mem_gen_prim_wrapper__parameterized34: 
case__107: 
case__195: 
xsdbs_v1_0_4_reg__parameterized16: 
case__78: 
blk_mem_gen_v8_4_9_blk_mem_gen_prim_wrapper__parameterized58: 
xsdbs_v1_0_4_reg_ctl: 
keep__33: 
case__71: 
blk_mem_gen_v8_4_9_blk_mem_gen_prim_wrapper__parameterized63: 
counter__7: 
case__103: 
datapath__65: 
keep__107: 
blk_mem_gen_v8_4_9_blk_mem_gen_prim_wrapper__parameterized59: 
blk_mem_gen_v8_4_9_blk_mem_gen_prim_wrapper__parameterized48: 
case: 
blk_mem_gen_v8_4_9_blk_mem_gen_prim_width__parameterized69: 
counter__3: 
keep__20: 
reg__181: 
reg__29: 
reg__81: 
case__80: 
blk_mem_gen_v8_4_9_blk_mem_gen_prim_width__parameterized14: 
blk_mem_gen_v8_4_9_blk_mem_gen_prim_width__parameterized48: 
muxpart__17: 
blk_mem_gen_v8_4_9_blk_mem_gen_prim_width__parameterized47: 
case__116: 
blk_mem_gen_v8_4_9_blk_mem_gen_prim_width__parameterized31: 
keep__65: 
keep__69: 
case__221: 
keep__125: 
keep__59: 
reg__75: 
case__235: 
logic__323: 
blk_mem_gen_v8_4_9_blk_mem_gen_prim_wrapper__parameterized90: 
logic__114: 
logic__521: 
keep__3: 
reg__214: 
blk_mem_gen_v8_4_9_blk_mem_gen_prim_wrapper__parameterized77: 
reg__91: 
reg__105: 
reg__7: 
counter__1: 
case__110: 
case__239: 
reg__33: 
logic__605: 
logic__334: 
case__196: 
logic__637: 
xsdbs_v1_0_4_reg__parameterized35: 
logic__22: 
reg__169: 
reg__204: 
blk_mem_gen_v8_4_9_blk_mem_gen_prim_width__parameterized90: 
reg__107: 
reg__244: 
reg__40: 
case__104: 
blk_mem_gen_v8_4_9_blk_mem_gen_prim_wrapper__parameterized53: 
reg__51: 
keep__98: 
case__236: 
logic__373: 
reg__116: 
logic__46: 
xsdbs_v1_0_4_reg_p2s__parameterized14: 
logic__619: 
blk_mem_gen_v8_4_9_blk_mem_gen_prim_width__parameterized27: 
case__126: 
reg__108: 
blk_mem_gen_v8_4_9_blk_mem_gen_prim_width__parameterized68: 
case__129: 
logic__158: 
keep__77: 
case__370: 
reg__145: 
case__144: 
case__4: 
case__254: 
reg__157: 
reg__168: 
blk_mem_gen_v8_4_9_blk_mem_gen_prim_width__parameterized11: 
xsdbs_v1_0_4_reg__parameterized61: 
reg__62: 
logic__393: 
case__241: 
reg__262: 
case__199: 
ila_v6_2_16_ila_core: 
keep__124: 
xsdbs_v1_0_4_reg__parameterized30: 
logic__335: 
reg__231: 
reg__187: 
counter__21: 
case__89: 
logic__443: 
case__372: 
case__242: 
case__36: 
reg__161: 
reg__165: 
case__70: 
keep__80: 
logic__240: 
keep__19: 
blk_mem_gen_v8_4_9_blk_mem_gen_prim_wrapper__parameterized29: 
reg__266: 
blk_mem_gen_v8_4_9_blk_mem_gen_prim_wrapper__parameterized66: 
case__250: 
xsdbs_v1_0_4_reg__parameterized2: 
case__102: 
logic__9: 
case__24: 
reg__174: 
case__271: 
case__86: 
blk_mem_gen_v8_4_9_blk_mem_gen_prim_width__parameterized74: 
reg__103: 
blk_mem_gen_v8_4_9_blk_mem_gen_prim_width__parameterized18: 
case__365: 
reg__268: 
reg__273: 
blk_mem_gen_v8_4_9_blk_mem_gen_prim_wrapper__parameterized9: 
case__106: 
reg__160: 
reg__183: 
keep__139: 
ila_v6_2_16_ila_trigger: 
muxpart__30: 
reg__248: 
logic__396: 
counter__16: 
